2025-11-20 17:11:37,010 - __main__ - INFO - ================================================================================
2025-11-20 17:11:37,010 - __main__ - INFO - Starting SQL Schema Creation Script Execution
2025-11-20 17:11:37,011 - __main__ - INFO - ================================================================================
2025-11-20 17:11:37,113 - __main__ - INFO - Database connection established successfully
2025-11-20 17:11:37,113 - __main__ - INFO - Target schema: etl
2025-11-20 17:11:37,128 - __main__ - INFO - Successfully read SQL file: create_constraints.sql
2025-11-20 17:11:37,130 - __main__ - INFO - Detected BEGIN/END transaction block - executing as single transaction
2025-11-20 17:11:37,149 - __main__ - ERROR - Transaction failed: (psycopg2.errors.InvalidForeignKey) there is no unique constraint matching given keys for referenced table "geolocation"

[SQL: -- This script was generated by the ERD tool in pgAdmin 4.
-- Please log an issue at https://github.com/pgadmin-org/pgadmin4/issues/new/choose if you find any bugs, including reproduction steps.
CREATE SCHEMA IF NOT EXISTS etl
    AUTHORIZATION postgres;
BEGIN;


CREATE TABLE IF NOT EXISTS etl.customer
(
    customer_id text COLLATE pg_catalog."default" NOT NULL,
    customer_unique_id text COLLATE pg_catalog."default",
    customer_zip_code_prefix bigint NOT NULL,
    customer_city text COLLATE pg_catalog."default" NOT NULL,
    customer_state text COLLATE pg_catalog."default",
    CONSTRAINT "customer_PK" PRIMARY KEY (customer_id)
);

CREATE TABLE IF NOT EXISTS etl.customers
(
    customer_id text COLLATE pg_catalog."default",
    customer_unique_id text COLLATE pg_catalog."default",
    customer_zip_code_prefix bigint,
    customer_city text COLLATE pg_catalog."default",
    customer_state text COLLATE pg_catalog."default"
);

CREATE TABLE IF NOT EXISTS etl.geolocation
(
    geolocation_zip_code_prefix bigint NOT NULL,
    geolocation_lat double precision,
    geolocation_lng double precision,
    geolocation_city text COLLATE pg_catalog."default",
    geolocation_state text COLLATE pg_catalog."default",
    CONSTRAINT geolocation_pk PRIMARY KEY (geolocation_zip_code_prefix)
);

CREATE TABLE IF NOT EXISTS etl.order_items
(
    order_id text COLLATE pg_catalog."default" NOT NULL,
    order_item_id bigint NOT NULL,
    product_id text COLLATE pg_catalog."default" NOT NULL,
    seller_id text COLLATE pg_catalog."default" NOT NULL,
    shipping_limit_date timestamp without time zone,
    price double precision,
    freight_value double precision,
    CONSTRAINT "orders_product_seller_PK" PRIMARY KEY (order_id, order_item_id, product_id, seller_id)
);

CREATE TABLE IF NOT EXISTS etl.orders
(
    order_id text COLLATE pg_catalog."default" NOT NULL,
    customer_id text COLLATE pg_catalog."default",
    order_status text COLLATE pg_catalog."default",
    order_purchase_timestamp timestamp without time zone,
    order_approved_at timestamp without time zone,
    order_delivered_carrier_date timestamp without time zone,
    order_delivered_customer_date timestamp without time zone,
    order_estimated_delivery_date timestamp without time zone,
    order_purchase_timestamp_date timestamp without time zone,
    order_purchase_timestamp_time time without time zone,
    order_approved_at_date timestamp without time zone,
    order_approved_at_time time without time zone,
    order_delivered_carrier_date_date timestamp without time zone,
    order_delivered_carrier_date_time time without time zone,
    order_delivered_customer_date_date timestamp without time zone,
    order_delivered_customer_date_time time without time zone,
    CONSTRAINT "primary key" PRIMARY KEY (order_id)
);

CREATE TABLE IF NOT EXISTS etl.payments
(
    order_id text COLLATE pg_catalog."default" NOT NULL,
    payment_sequential bigint,
    payment_type text COLLATE pg_catalog."default",
    payment_installments bigint,
    payment_value double precision,
    CONSTRAINT payments_pkey PRIMARY KEY (order_id)
);

CREATE TABLE IF NOT EXISTS etl.products
(
    product_id text COLLATE pg_catalog."default" NOT NULL,
    product_category_name text COLLATE pg_catalog."default",
    product_name_lenght double precision,
    product_description_lenght double precision,
    product_photos_qty double precision,
    product_weight_g double precision,
    product_length_cm double precision,
    product_height_cm double precision,
    product_width_cm double precision,
    product_volume_cm3 double precision,
    CONSTRAINT products_pkey PRIMARY KEY (product_id)
);

CREATE TABLE IF NOT EXISTS etl.products_categories
(
    product_category_name text COLLATE pg_catalog."default" NOT NULL,
    product_category_name_english text COLLATE pg_catalog."default",
    CONSTRAINT products_categories_pkey PRIMARY KEY (product_category_name)
);

CREATE TABLE IF NOT EXISTS etl.reviews
(
    review_id text COLLATE pg_catalog."default" NOT NULL,
    order_id text COLLATE pg_catalog."default" NOT NULL,
    review_score bigint,
    review_comment_title text COLLATE pg_catalog."default",
    review_comment_message text COLLATE pg_catalog."default",
    review_creation_date timestamp without time zone,
    review_answer_timestamp timestamp without time zone,
    CONSTRAINT reviews_pkey PRIMARY KEY (review_id, order_id)
);

CREATE TABLE IF NOT EXISTS etl.sellers
(
    seller_id text COLLATE pg_catalog."default" NOT NULL,
    seller_zip_code_prefix bigint,
    seller_city text COLLATE pg_catalog."default",
    seller_state text COLLATE pg_catalog."default",
    CONSTRAINT sellers_pkey PRIMARY KEY (seller_id)
);

ALTER TABLE IF EXISTS etl.customer
    ADD CONSTRAINT "geolocation_FK" FOREIGN KEY (customer_zip_code_prefix)
    REFERENCES etl.geolocation (geolocation_zip_code_prefix) MATCH SIMPLE
    ON UPDATE NO ACTION
    ON DELETE NO ACTION
    NOT VALID;


ALTER TABLE IF EXISTS etl.order_items
    ADD CONSTRAINT "orders_FK" FOREIGN KEY (order_id)
    REFERENCES etl.orders (order_id) MATCH SIMPLE
    ON UPDATE NO ACTION
    ON DELETE NO ACTION
    NOT VALID;


ALTER TABLE IF EXISTS etl.order_items
    ADD CONSTRAINT "product_FK" FOREIGN KEY (product_id)
    REFERENCES etl.products (product_id) MATCH SIMPLE
    ON UPDATE NO ACTION
    ON DELETE NO ACTION
    NOT VALID;


ALTER TABLE IF EXISTS etl.order_items
    ADD CONSTRAINT "seller_FK" FOREIGN KEY (seller_id)
    REFERENCES etl.sellers (seller_id) MATCH SIMPLE
    ON UPDATE NO ACTION
    ON DELETE NO ACTION
    NOT VALID;


ALTER TABLE IF EXISTS etl.orders
    ADD CONSTRAINT "customer_FK" FOREIGN KEY (customer_id)
    REFERENCES etl.customer (customer_id) MATCH SIMPLE
    ON UPDATE NO ACTION
    ON DELETE NO ACTION
    NOT VALID;


ALTER TABLE IF EXISTS etl.payments
    ADD CONSTRAINT "orders_FK" FOREIGN KEY (order_id)
    REFERENCES etl.orders (order_id) MATCH SIMPLE
    ON UPDATE NO ACTION
    ON DELETE NO ACTION
    NOT VALID;
CREATE INDEX IF NOT EXISTS payments_pkey
    ON etl.payments(order_id);


ALTER TABLE IF EXISTS etl.products
    ADD CONSTRAINT "product_categories_FK" FOREIGN KEY (product_category_name)
    REFERENCES etl.products_categories (product_category_name) MATCH SIMPLE
    ON UPDATE NO ACTION
    ON DELETE NO ACTION
    NOT VALID;


ALTER TABLE IF EXISTS etl.reviews
    ADD CONSTRAINT "order_FK" FOREIGN KEY (order_id)
    REFERENCES etl.orders (order_id) MATCH SIMPLE
    ON UPDATE NO ACTION
    ON DELETE NO ACTION
    NOT VALID;

END;]
(Background on this error at: https://sqlalche.me/e/20/f405)
2025-11-20 17:11:37,152 - __main__ - INFO - Transaction rolled back
2025-11-20 17:11:37,152 - __main__ - ERROR - Error executing SQL script: (psycopg2.errors.InvalidForeignKey) there is no unique constraint matching given keys for referenced table "geolocation"

[SQL: -- This script was generated by the ERD tool in pgAdmin 4.
-- Please log an issue at https://github.com/pgadmin-org/pgadmin4/issues/new/choose if you find any bugs, including reproduction steps.
CREATE SCHEMA IF NOT EXISTS etl
    AUTHORIZATION postgres;
BEGIN;


CREATE TABLE IF NOT EXISTS etl.customer
(
    customer_id text COLLATE pg_catalog."default" NOT NULL,
    customer_unique_id text COLLATE pg_catalog."default",
    customer_zip_code_prefix bigint NOT NULL,
    customer_city text COLLATE pg_catalog."default" NOT NULL,
    customer_state text COLLATE pg_catalog."default",
    CONSTRAINT "customer_PK" PRIMARY KEY (customer_id)
);

CREATE TABLE IF NOT EXISTS etl.customers
(
    customer_id text COLLATE pg_catalog."default",
    customer_unique_id text COLLATE pg_catalog."default",
    customer_zip_code_prefix bigint,
    customer_city text COLLATE pg_catalog."default",
    customer_state text COLLATE pg_catalog."default"
);

CREATE TABLE IF NOT EXISTS etl.geolocation
(
    geolocation_zip_code_prefix bigint NOT NULL,
    geolocation_lat double precision,
    geolocation_lng double precision,
    geolocation_city text COLLATE pg_catalog."default",
    geolocation_state text COLLATE pg_catalog."default",
    CONSTRAINT geolocation_pk PRIMARY KEY (geolocation_zip_code_prefix)
);

CREATE TABLE IF NOT EXISTS etl.order_items
(
    order_id text COLLATE pg_catalog."default" NOT NULL,
    order_item_id bigint NOT NULL,
    product_id text COLLATE pg_catalog."default" NOT NULL,
    seller_id text COLLATE pg_catalog."default" NOT NULL,
    shipping_limit_date timestamp without time zone,
    price double precision,
    freight_value double precision,
    CONSTRAINT "orders_product_seller_PK" PRIMARY KEY (order_id, order_item_id, product_id, seller_id)
);

CREATE TABLE IF NOT EXISTS etl.orders
(
    order_id text COLLATE pg_catalog."default" NOT NULL,
    customer_id text COLLATE pg_catalog."default",
    order_status text COLLATE pg_catalog."default",
    order_purchase_timestamp timestamp without time zone,
    order_approved_at timestamp without time zone,
    order_delivered_carrier_date timestamp without time zone,
    order_delivered_customer_date timestamp without time zone,
    order_estimated_delivery_date timestamp without time zone,
    order_purchase_timestamp_date timestamp without time zone,
    order_purchase_timestamp_time time without time zone,
    order_approved_at_date timestamp without time zone,
    order_approved_at_time time without time zone,
    order_delivered_carrier_date_date timestamp without time zone,
    order_delivered_carrier_date_time time without time zone,
    order_delivered_customer_date_date timestamp without time zone,
    order_delivered_customer_date_time time without time zone,
    CONSTRAINT "primary key" PRIMARY KEY (order_id)
);

CREATE TABLE IF NOT EXISTS etl.payments
(
    order_id text COLLATE pg_catalog."default" NOT NULL,
    payment_sequential bigint,
    payment_type text COLLATE pg_catalog."default",
    payment_installments bigint,
    payment_value double precision,
    CONSTRAINT payments_pkey PRIMARY KEY (order_id)
);

CREATE TABLE IF NOT EXISTS etl.products
(
    product_id text COLLATE pg_catalog."default" NOT NULL,
    product_category_name text COLLATE pg_catalog."default",
    product_name_lenght double precision,
    product_description_lenght double precision,
    product_photos_qty double precision,
    product_weight_g double precision,
    product_length_cm double precision,
    product_height_cm double precision,
    product_width_cm double precision,
    product_volume_cm3 double precision,
    CONSTRAINT products_pkey PRIMARY KEY (product_id)
);

CREATE TABLE IF NOT EXISTS etl.products_categories
(
    product_category_name text COLLATE pg_catalog."default" NOT NULL,
    product_category_name_english text COLLATE pg_catalog."default",
    CONSTRAINT products_categories_pkey PRIMARY KEY (product_category_name)
);

CREATE TABLE IF NOT EXISTS etl.reviews
(
    review_id text COLLATE pg_catalog."default" NOT NULL,
    order_id text COLLATE pg_catalog."default" NOT NULL,
    review_score bigint,
    review_comment_title text COLLATE pg_catalog."default",
    review_comment_message text COLLATE pg_catalog."default",
    review_creation_date timestamp without time zone,
    review_answer_timestamp timestamp without time zone,
    CONSTRAINT reviews_pkey PRIMARY KEY (review_id, order_id)
);

CREATE TABLE IF NOT EXISTS etl.sellers
(
    seller_id text COLLATE pg_catalog."default" NOT NULL,
    seller_zip_code_prefix bigint,
    seller_city text COLLATE pg_catalog."default",
    seller_state text COLLATE pg_catalog."default",
    CONSTRAINT sellers_pkey PRIMARY KEY (seller_id)
);

ALTER TABLE IF EXISTS etl.customer
    ADD CONSTRAINT "geolocation_FK" FOREIGN KEY (customer_zip_code_prefix)
    REFERENCES etl.geolocation (geolocation_zip_code_prefix) MATCH SIMPLE
    ON UPDATE NO ACTION
    ON DELETE NO ACTION
    NOT VALID;


ALTER TABLE IF EXISTS etl.order_items
    ADD CONSTRAINT "orders_FK" FOREIGN KEY (order_id)
    REFERENCES etl.orders (order_id) MATCH SIMPLE
    ON UPDATE NO ACTION
    ON DELETE NO ACTION
    NOT VALID;


ALTER TABLE IF EXISTS etl.order_items
    ADD CONSTRAINT "product_FK" FOREIGN KEY (product_id)
    REFERENCES etl.products (product_id) MATCH SIMPLE
    ON UPDATE NO ACTION
    ON DELETE NO ACTION
    NOT VALID;


ALTER TABLE IF EXISTS etl.order_items
    ADD CONSTRAINT "seller_FK" FOREIGN KEY (seller_id)
    REFERENCES etl.sellers (seller_id) MATCH SIMPLE
    ON UPDATE NO ACTION
    ON DELETE NO ACTION
    NOT VALID;


ALTER TABLE IF EXISTS etl.orders
    ADD CONSTRAINT "customer_FK" FOREIGN KEY (customer_id)
    REFERENCES etl.customer (customer_id) MATCH SIMPLE
    ON UPDATE NO ACTION
    ON DELETE NO ACTION
    NOT VALID;


ALTER TABLE IF EXISTS etl.payments
    ADD CONSTRAINT "orders_FK" FOREIGN KEY (order_id)
    REFERENCES etl.orders (order_id) MATCH SIMPLE
    ON UPDATE NO ACTION
    ON DELETE NO ACTION
    NOT VALID;
CREATE INDEX IF NOT EXISTS payments_pkey
    ON etl.payments(order_id);


ALTER TABLE IF EXISTS etl.products
    ADD CONSTRAINT "product_categories_FK" FOREIGN KEY (product_category_name)
    REFERENCES etl.products_categories (product_category_name) MATCH SIMPLE
    ON UPDATE NO ACTION
    ON DELETE NO ACTION
    NOT VALID;


ALTER TABLE IF EXISTS etl.reviews
    ADD CONSTRAINT "order_FK" FOREIGN KEY (order_id)
    REFERENCES etl.orders (order_id) MATCH SIMPLE
    ON UPDATE NO ACTION
    ON DELETE NO ACTION
    NOT VALID;

END;]
(Background on this error at: https://sqlalche.me/e/20/f405)
2025-11-20 17:11:37,154 - __main__ - ERROR - Database error: (psycopg2.errors.InvalidForeignKey) there is no unique constraint matching given keys for referenced table "geolocation"

[SQL: -- This script was generated by the ERD tool in pgAdmin 4.
-- Please log an issue at https://github.com/pgadmin-org/pgadmin4/issues/new/choose if you find any bugs, including reproduction steps.
CREATE SCHEMA IF NOT EXISTS etl
    AUTHORIZATION postgres;
BEGIN;


CREATE TABLE IF NOT EXISTS etl.customer
(
    customer_id text COLLATE pg_catalog."default" NOT NULL,
    customer_unique_id text COLLATE pg_catalog."default",
    customer_zip_code_prefix bigint NOT NULL,
    customer_city text COLLATE pg_catalog."default" NOT NULL,
    customer_state text COLLATE pg_catalog."default",
    CONSTRAINT "customer_PK" PRIMARY KEY (customer_id)
);

CREATE TABLE IF NOT EXISTS etl.customers
(
    customer_id text COLLATE pg_catalog."default",
    customer_unique_id text COLLATE pg_catalog."default",
    customer_zip_code_prefix bigint,
    customer_city text COLLATE pg_catalog."default",
    customer_state text COLLATE pg_catalog."default"
);

CREATE TABLE IF NOT EXISTS etl.geolocation
(
    geolocation_zip_code_prefix bigint NOT NULL,
    geolocation_lat double precision,
    geolocation_lng double precision,
    geolocation_city text COLLATE pg_catalog."default",
    geolocation_state text COLLATE pg_catalog."default",
    CONSTRAINT geolocation_pk PRIMARY KEY (geolocation_zip_code_prefix)
);

CREATE TABLE IF NOT EXISTS etl.order_items
(
    order_id text COLLATE pg_catalog."default" NOT NULL,
    order_item_id bigint NOT NULL,
    product_id text COLLATE pg_catalog."default" NOT NULL,
    seller_id text COLLATE pg_catalog."default" NOT NULL,
    shipping_limit_date timestamp without time zone,
    price double precision,
    freight_value double precision,
    CONSTRAINT "orders_product_seller_PK" PRIMARY KEY (order_id, order_item_id, product_id, seller_id)
);

CREATE TABLE IF NOT EXISTS etl.orders
(
    order_id text COLLATE pg_catalog."default" NOT NULL,
    customer_id text COLLATE pg_catalog."default",
    order_status text COLLATE pg_catalog."default",
    order_purchase_timestamp timestamp without time zone,
    order_approved_at timestamp without time zone,
    order_delivered_carrier_date timestamp without time zone,
    order_delivered_customer_date timestamp without time zone,
    order_estimated_delivery_date timestamp without time zone,
    order_purchase_timestamp_date timestamp without time zone,
    order_purchase_timestamp_time time without time zone,
    order_approved_at_date timestamp without time zone,
    order_approved_at_time time without time zone,
    order_delivered_carrier_date_date timestamp without time zone,
    order_delivered_carrier_date_time time without time zone,
    order_delivered_customer_date_date timestamp without time zone,
    order_delivered_customer_date_time time without time zone,
    CONSTRAINT "primary key" PRIMARY KEY (order_id)
);

CREATE TABLE IF NOT EXISTS etl.payments
(
    order_id text COLLATE pg_catalog."default" NOT NULL,
    payment_sequential bigint,
    payment_type text COLLATE pg_catalog."default",
    payment_installments bigint,
    payment_value double precision,
    CONSTRAINT payments_pkey PRIMARY KEY (order_id)
);

CREATE TABLE IF NOT EXISTS etl.products
(
    product_id text COLLATE pg_catalog."default" NOT NULL,
    product_category_name text COLLATE pg_catalog."default",
    product_name_lenght double precision,
    product_description_lenght double precision,
    product_photos_qty double precision,
    product_weight_g double precision,
    product_length_cm double precision,
    product_height_cm double precision,
    product_width_cm double precision,
    product_volume_cm3 double precision,
    CONSTRAINT products_pkey PRIMARY KEY (product_id)
);

CREATE TABLE IF NOT EXISTS etl.products_categories
(
    product_category_name text COLLATE pg_catalog."default" NOT NULL,
    product_category_name_english text COLLATE pg_catalog."default",
    CONSTRAINT products_categories_pkey PRIMARY KEY (product_category_name)
);

CREATE TABLE IF NOT EXISTS etl.reviews
(
    review_id text COLLATE pg_catalog."default" NOT NULL,
    order_id text COLLATE pg_catalog."default" NOT NULL,
    review_score bigint,
    review_comment_title text COLLATE pg_catalog."default",
    review_comment_message text COLLATE pg_catalog."default",
    review_creation_date timestamp without time zone,
    review_answer_timestamp timestamp without time zone,
    CONSTRAINT reviews_pkey PRIMARY KEY (review_id, order_id)
);

CREATE TABLE IF NOT EXISTS etl.sellers
(
    seller_id text COLLATE pg_catalog."default" NOT NULL,
    seller_zip_code_prefix bigint,
    seller_city text COLLATE pg_catalog."default",
    seller_state text COLLATE pg_catalog."default",
    CONSTRAINT sellers_pkey PRIMARY KEY (seller_id)
);

ALTER TABLE IF EXISTS etl.customer
    ADD CONSTRAINT "geolocation_FK" FOREIGN KEY (customer_zip_code_prefix)
    REFERENCES etl.geolocation (geolocation_zip_code_prefix) MATCH SIMPLE
    ON UPDATE NO ACTION
    ON DELETE NO ACTION
    NOT VALID;


ALTER TABLE IF EXISTS etl.order_items
    ADD CONSTRAINT "orders_FK" FOREIGN KEY (order_id)
    REFERENCES etl.orders (order_id) MATCH SIMPLE
    ON UPDATE NO ACTION
    ON DELETE NO ACTION
    NOT VALID;


ALTER TABLE IF EXISTS etl.order_items
    ADD CONSTRAINT "product_FK" FOREIGN KEY (product_id)
    REFERENCES etl.products (product_id) MATCH SIMPLE
    ON UPDATE NO ACTION
    ON DELETE NO ACTION
    NOT VALID;


ALTER TABLE IF EXISTS etl.order_items
    ADD CONSTRAINT "seller_FK" FOREIGN KEY (seller_id)
    REFERENCES etl.sellers (seller_id) MATCH SIMPLE
    ON UPDATE NO ACTION
    ON DELETE NO ACTION
    NOT VALID;


ALTER TABLE IF EXISTS etl.orders
    ADD CONSTRAINT "customer_FK" FOREIGN KEY (customer_id)
    REFERENCES etl.customer (customer_id) MATCH SIMPLE
    ON UPDATE NO ACTION
    ON DELETE NO ACTION
    NOT VALID;


ALTER TABLE IF EXISTS etl.payments
    ADD CONSTRAINT "orders_FK" FOREIGN KEY (order_id)
    REFERENCES etl.orders (order_id) MATCH SIMPLE
    ON UPDATE NO ACTION
    ON DELETE NO ACTION
    NOT VALID;
CREATE INDEX IF NOT EXISTS payments_pkey
    ON etl.payments(order_id);


ALTER TABLE IF EXISTS etl.products
    ADD CONSTRAINT "product_categories_FK" FOREIGN KEY (product_category_name)
    REFERENCES etl.products_categories (product_category_name) MATCH SIMPLE
    ON UPDATE NO ACTION
    ON DELETE NO ACTION
    NOT VALID;


ALTER TABLE IF EXISTS etl.reviews
    ADD CONSTRAINT "order_FK" FOREIGN KEY (order_id)
    REFERENCES etl.orders (order_id) MATCH SIMPLE
    ON UPDATE NO ACTION
    ON DELETE NO ACTION
    NOT VALID;

END;]
(Background on this error at: https://sqlalche.me/e/20/f405)
2025-11-20 17:11:37,155 - __main__ - INFO - Database connection closed
